<?xml version="1.0" encoding="utf-8"?><testsuites name="pytest tests"><testsuite name="pytest" errors="0" failures="0" skipped="0" tests="21" time="2.453" timestamp="2026-10-08T13:20:38.243824+08:00" hostname="LAPTOP-6SA7KOI6"><testcase classname="tests.test_methods" name="test_allocation_conserves_budget_and_permutation[0]" time="0.001" /><testcase classname="tests.test_methods" name="test_allocation_conserves_budget_and_permutation[1]" time="0.001" /><testcase classname="tests.test_methods" name="test_allocation_conserves_budget_and_permutation[500]" time="0.001" /><testcase classname="tests.test_methods" name="test_allocation_conserves_budget_and_permutation[1000]" time="0.001" /><testcase classname="tests.test_methods" name="test_allocation_conserves_budget_and_permutation[2000]" time="0.000" /><testcase classname="tests.test_methods" name="test_allocation_conserves_budget_and_permutation[100000]" time="0.001" /><testcase classname="tests.test_methods" name="test_zero_predictions_and_equal_remainders" time="0.000" /><testcase classname="tests.test_methods" name="test_invalid_allocation_rejected[weights0-3-zones0]" time="0.000" /><testcase classname="tests.test_methods" name="test_invalid_allocation_rejected[weights1-3-zones1]" time="0.000" /><testcase classname="tests.test_methods" name="test_invalid_allocation_rejected[weights2--1-zones2]" time="0.000" /><testcase classname="tests.test_methods" name="test_invalid_allocation_rejected[weights3-1.2-zones3]" time="0.000" /><testcase classname="tests.test_methods" name="test_invalid_allocation_rejected[weights4-3-zones4]" time="0.000" /><testcase classname="tests.test_methods" name="test_simulation_coverage_bounds" time="0.000" /><testcase classname="tests.test_methods" name="test_metrics_hand_calculation_and_zero_denominator" time="0.000" /><testcase classname="tests.test_methods" name="test_future_changes_do_not_change_past_features" time="0.125" /><testcase classname="tests.test_methods" name="test_dst_is_not_zero_or_arbitrarily_localized" time="0.011" /><testcase classname="tests.test_methods" name="test_unobserved_valid_zone_hour_is_real_zero" time="0.007" /><testcase classname="tests.test_methods" name="test_fixed_category_universe_and_no_forbidden_features" time="0.001" /><testcase classname="tests.test_methods" name="test_time_splits_have_no_future_overlap" time="0.004" /><testcase classname="tests.test_methods" name="test_missing_month_stops_before_zero_filling" time="0.000" /><testcase classname="tests.test_methods" name="test_trip_quality_denominators_are_independent" time="0.036" /></testsuite></testsuites>